// Jest Snapshot v1, https://goo.gl/fbAQLP

exports[`Should render ExpensesSummary component with multiple expenses 1`] = `
<div
  className="page-header"
>
  <div
    className="content-container"
  >
    <h1
      className="page-header__title"
    >
      Viewing 
      <span />
       
      expenses
       totalling 
      <span>
        $0.00
      </span>
    </h1>
    <div
      className="page-header__actions"
    >
      <[object Object]
        className="btn"
        to="/create"
      >
        Add Expense
      </[object Object]>
    </div>
  </div>
</div>
`;

exports[`Should render ExpensesSummary component with single expense 1`] = `
<div
  className="page-header"
>
  <div
    className="content-container"
  >
    <h1
      className="page-header__title"
    >
      Viewing 
      <span />
       
      expenses
       totalling 
      <span>
        $0.00
      </span>
    </h1>
    <div
      className="page-header__actions"
    >
      <[object Object]
        className="btn"
        to="/create"
      >
        Add Expense
      </[object Object]>
    </div>
  </div>
</div>
`;
