// Jest Snapshot v1, https://goo.gl/fbAQLP

exports[`Should render ExpenseList with empty array message 1`] = `
<div
  className="content-container list-body"
>
  <div
    className="list-header"
  >
    No Expenses to Show
  </div>
</div>
`;

exports[`Should render ExpenseList with expenses 1`] = `
<div
  className="content-container list-body"
>
  <div
    className="list-header"
  >
    <div
      className="show-for-mobile"
    >
      Expenses
    </div>
    <div
      className="show-for-desktop"
    >
      Expense
    </div>
    <div
      className="show-for-desktop"
    >
      Amount
    </div>
  </div>
  <ExpenseListItem
    amount={6000}
    createdAt={0}
    description="weed"
    id="1"
    key="1"
    note=""
  />
  <ExpenseListItem
    amount={900}
    createdAt={-345600000}
    description="beer"
    id="2"
    key="2"
    note=""
  />
  <ExpenseListItem
    amount={2250}
    createdAt={345600000}
    description="gym"
    id="3"
    key="3"
    note=""
  />
</div>
`;
