// Jest Snapshot v1, https://goo.gl/fbAQLP

exports[`Should render single ExpenseListItem 1`] = `
<div>
  <[object Object]
    to="/edit/2"
  >
    <h3>
      beer
    </h3>
  </[object Object]>
  <p>
    Â£9.00
    -
    Dec 28th, 1969
  </p>
</div>
`;
